2025-01-13 20:44:50,676 - INFO - Страница https://leonardo.ru/ishop/ успешно загружена.
2025-01-13 20:44:50,755 - INFO - Пропускаем категорию: Новогодний ассортимент
2025-01-13 20:44:50,755 - INFO - Пропускаем категорию: Идеи подарков
2025-01-13 20:44:50,755 - INFO - Пропускаем категорию: Только онлайн
2025-01-13 20:44:50,755 - INFO - Пропускаем категорию: Тематические подборки
2025-01-13 20:44:50,755 - INFO - Пропускаем категорию: Подарочные сертификаты
2025-01-13 20:44:50,755 - INFO - Пропускаем категорию: Распродажа
2025-01-13 20:44:50,759 - INFO - Сохранено 18 категорий.
2025-01-13 20:44:50,767 - INFO - Обрабатываем категорию: Товары для художников (https://leonardo.ru/ishop/tree_3812270609/)
2025-01-13 20:44:51,173 - INFO - Страница https://leonardo.ru/ishop/tree_3812270609/ успешно загружена.
2025-01-13 20:44:51,308 - INFO -   Обрабатываем подкатегорию: https://leonardo.ru/ishop/tree_3779052909/
2025-01-13 20:44:51,841 - INFO - Страница https://leonardo.ru/ishop/tree_3779052909//?pages=1 успешно загружена.
2025-01-13 20:44:52,681 - INFO - Страница https://leonardo.ru/ishop/tree_3779052909//?pages=1 успешно загружена.
2025-01-13 20:44:53,029 - INFO -   Обрабатываем подкатегорию: https://leonardo.ru/ishop/tree_3780269209/
2025-01-13 20:44:53,509 - INFO - Страница https://leonardo.ru/ishop/tree_3780269209//?pages=1 успешно загружена.
2025-01-13 20:44:54,174 - WARNING - Ошибка 503. Попытка 1 из 5...
2025-01-13 20:45:03,455 - INFO - Страница https://leonardo.ru/ishop/ успешно загружена.
2025-01-13 20:45:03,530 - INFO - Пропускаем категорию: Новогодний ассортимент
2025-01-13 20:45:03,531 - INFO - Пропускаем категорию: Идеи подарков
2025-01-13 20:45:03,531 - INFO - Пропускаем категорию: Только онлайн
2025-01-13 20:45:03,531 - INFO - Пропускаем категорию: Тематические подборки
2025-01-13 20:45:03,531 - INFO - Пропускаем категорию: Подарочные сертификаты
2025-01-13 20:45:03,531 - INFO - Пропускаем категорию: Распродажа
2025-01-13 20:45:03,535 - INFO - Сохранено 18 категорий.
2025-01-13 20:45:03,544 - INFO - Обрабатываем категорию: Товары для художников (https://leonardo.ru/ishop/tree_3812270609/)
2025-01-13 20:45:03,684 - INFO - Страница https://leonardo.ru/ishop/tree_3812270609/ успешно загружена.
2025-01-13 20:45:03,818 - INFO -   Обрабатываем подкатегорию: https://leonardo.ru/ishop/tree_3779052909/
2025-01-13 20:45:04,305 - INFO - Страница https://leonardo.ru/ishop/tree_3779052909//?pages=1 успешно загружена.
2025-01-13 20:45:05,142 - INFO - Страница https://leonardo.ru/ishop/tree_3779052909//?pages=1 успешно загружена.
2025-01-13 20:45:05,506 - INFO -   Обрабатываем подкатегорию: https://leonardo.ru/ishop/tree_3780269209/
2025-01-13 20:45:06,152 - INFO - Страница https://leonardo.ru/ishop/tree_3780269209//?pages=1 успешно загружена.
2025-01-13 20:45:06,811 - WARNING - Ошибка 503. Попытка 1 из 5...
2025-01-13 20:45:12,322 - INFO - Страница https://leonardo.ru/ishop/tree_3780269209//?pages=1 успешно загружена.
2025-01-13 20:45:12,666 - INFO -   Обрабатываем подкатегорию: https://leonardo.ru/ishop/tree_3727087409/
2025-01-13 20:45:13,079 - INFO - Страница https://leonardo.ru/ishop/tree_3727087409//?pages=1 успешно загружена.
2025-01-13 20:45:13,808 - INFO - Страница https://leonardo.ru/ishop/tree_3727087409//?pages=1 успешно загружена.
2025-01-13 20:45:14,061 - INFO -   Обрабатываем подкатегорию: https://leonardo.ru/ishop/tree_3717041409/
2025-01-13 20:45:14,337 - WARNING - Ошибка 503. Попытка 1 из 5...
2025-01-13 20:45:19,799 - INFO - Страница https://leonardo.ru/ishop/tree_3717041409//?pages=1 успешно загружена.
2025-01-13 20:45:20,543 - INFO - Страница https://leonardo.ru/ishop/tree_3717041409//?pages=1 успешно загружена.
2025-01-13 20:45:20,825 - INFO -   Обрабатываем подкатегорию: https://leonardo.ru/ishop/tree_9538924798/
2025-01-13 20:45:21,210 - INFO - Страница https://leonardo.ru/ishop/tree_9538924798//?pages=1 успешно загружена.
2025-01-13 20:45:21,806 - INFO - Страница https://leonardo.ru/ishop/tree_9538924798//?pages=1 успешно загружена.
2025-01-13 20:45:22,080 - INFO -   Обрабатываем подкатегорию: https://leonardo.ru/ishop/tree_9538924800/
2025-01-13 20:45:22,207 - WARNING - Ошибка 503. Попытка 1 из 5...
2025-01-13 20:45:27,606 - INFO - Страница https://leonardo.ru/ishop/tree_9538924800//?pages=1 успешно загружена.
2025-01-13 20:45:28,034 - INFO - Страница https://leonardo.ru/ishop/tree_9538924800//?pages=1 успешно загружена.
2025-01-13 20:45:28,150 - INFO -   Обрабатываем подкатегорию: https://leonardo.ru/ishop/tree_9538924784/
2025-01-13 20:45:28,608 - INFO - Страница https://leonardo.ru/ishop/tree_9538924784//?pages=1 успешно загружена.
2025-01-13 20:45:29,204 - WARNING - Ошибка 503. Попытка 1 из 5...
2025-01-13 20:45:34,675 - INFO - Страница https://leonardo.ru/ishop/tree_9538924784//?pages=1 успешно загружена.
2025-01-13 20:45:34,965 - INFO -   Обрабатываем подкатегорию: https://leonardo.ru/ishop/tree_3812321809/
2025-01-13 20:45:35,399 - INFO - Страница https://leonardo.ru/ishop/tree_3812321809//?pages=1 успешно загружена.
2025-01-13 20:45:36,090 - INFO - Страница https://leonardo.ru/ishop/tree_3812321809//?pages=1 успешно загружена.
2025-01-13 20:45:36,506 - INFO -   Обрабатываем подкатегорию: https://leonardo.ru/ishop/tree_3812271909/
2025-01-13 20:45:36,960 - INFO - Страница https://leonardo.ru/ishop/tree_3812271909//?pages=1 успешно загружена.
2025-01-13 20:45:37,650 - WARNING - Ошибка 503. Попытка 1 из 5...
2025-01-13 20:45:41,466 - INFO - Страница https://leonardo.ru/ishop/ успешно загружена.
2025-01-13 20:45:41,545 - INFO - Пропускаем категорию: Новогодний ассортимент
2025-01-13 20:45:41,545 - INFO - Пропускаем категорию: Идеи подарков
2025-01-13 20:45:41,545 - INFO - Пропускаем категорию: Только онлайн
2025-01-13 20:45:41,545 - INFO - Пропускаем категорию: Тематические подборки
2025-01-13 20:45:41,545 - INFO - Пропускаем категорию: Подарочные сертификаты
2025-01-13 20:45:41,545 - INFO - Пропускаем категорию: Распродажа
2025-01-13 20:45:41,548 - INFO - Сохранено 18 категорий.
2025-01-13 20:45:41,558 - INFO - Обрабатываем категорию: Товары для художников (https://leonardo.ru/ishop/tree_3812270609/)
2025-01-13 20:45:41,700 - INFO - Страница https://leonardo.ru/ishop/tree_3812270609/ успешно загружена.
2025-01-13 20:45:41,824 - INFO -   Обрабатываем подкатегорию: https://leonardo.ru/ishop/tree_3779052909/
2025-01-13 20:45:42,323 - INFO - Страница https://leonardo.ru/ishop/tree_3779052909//?pages=1 успешно загружена.
2025-01-13 20:45:42,895 - WARNING - Ошибка 503. Попытка 1 из 5...
2025-01-13 20:46:00,671 - INFO - Страница https://leonardo.ru/ishop/ успешно загружена.
2025-01-13 20:46:00,753 - INFO - Пропускаем категорию: Новогодний ассортимент
2025-01-13 20:46:00,753 - INFO - Пропускаем категорию: Идеи подарков
2025-01-13 20:46:00,753 - INFO - Пропускаем категорию: Только онлайн
2025-01-13 20:46:00,754 - INFO - Пропускаем категорию: Тематические подборки
2025-01-13 20:46:00,754 - INFO - Пропускаем категорию: Подарочные сертификаты
2025-01-13 20:46:00,754 - INFO - Пропускаем категорию: Распродажа
2025-01-13 20:46:00,757 - INFO - Сохранено 18 категорий.
2025-01-13 20:46:00,767 - INFO - Обрабатываем категорию: Товары для художников (https://leonardo.ru/ishop/tree_3812270609/)
2025-01-13 20:46:01,145 - INFO - Страница https://leonardo.ru/ishop/tree_3812270609/ успешно загружена.
2025-01-13 20:46:01,279 - INFO -   Обрабатываем подкатегорию: https://leonardo.ru/ishop/tree_3779052909/
2025-01-13 20:46:01,779 - INFO - Страница https://leonardo.ru/ishop/tree_3779052909//?pages=1 успешно загружена.
2025-01-13 20:46:02,635 - INFO - Страница https://leonardo.ru/ishop/tree_3779052909//?pages=1 успешно загружена.
2025-01-13 20:46:02,993 - INFO -   Обрабатываем подкатегорию: https://leonardo.ru/ishop/tree_3780269209/
2025-01-13 20:46:03,612 - INFO - Страница https://leonardo.ru/ishop/tree_3780269209//?pages=1 успешно загружена.
2025-01-13 20:46:04,283 - WARNING - Ошибка 503. Попытка 1 из 5...
2025-01-13 20:46:09,843 - INFO - Страница https://leonardo.ru/ishop/tree_3780269209//?pages=1 успешно загружена.
2025-01-13 20:46:10,195 - INFO -   Обрабатываем подкатегорию: https://leonardo.ru/ishop/tree_3727087409/
2025-01-13 20:46:10,633 - INFO - Страница https://leonardo.ru/ishop/tree_3727087409//?pages=1 успешно загружена.
2025-01-13 20:46:11,450 - INFO - Страница https://leonardo.ru/ishop/tree_3727087409//?pages=1 успешно загружена.
2025-01-13 20:46:11,710 - INFO -   Обрабатываем подкатегорию: https://leonardo.ru/ishop/tree_3717041409/
2025-01-13 20:46:12,382 - INFO - Страница https://leonardo.ru/ishop/tree_3717041409//?pages=1 успешно загружена.
2025-01-13 20:46:12,951 - WARNING - Ошибка 503. Попытка 1 из 5...
2025-01-13 20:46:18,476 - INFO - Страница https://leonardo.ru/ishop/tree_3717041409//?pages=1 успешно загружена.
2025-01-13 20:46:18,777 - INFO -   Обрабатываем подкатегорию: https://leonardo.ru/ishop/tree_9538924798/
2025-01-13 20:46:19,173 - INFO - Страница https://leonardo.ru/ishop/tree_9538924798//?pages=1 успешно загружена.
2025-01-13 20:46:19,837 - INFO - Страница https://leonardo.ru/ishop/tree_9538924798//?pages=1 успешно загружена.
2025-01-13 20:46:20,116 - INFO -   Обрабатываем подкатегорию: https://leonardo.ru/ishop/tree_9538924800/
2025-01-13 20:46:20,373 - WARNING - Ошибка 503. Попытка 1 из 5...
2025-01-13 20:46:25,795 - INFO - Страница https://leonardo.ru/ishop/tree_9538924800//?pages=1 успешно загружена.
2025-01-13 20:46:26,268 - INFO - Страница https://leonardo.ru/ishop/tree_9538924800//?pages=1 успешно загружена.
2025-01-13 20:46:26,390 - INFO -   Обрабатываем подкатегорию: https://leonardo.ru/ishop/tree_9538924784/
2025-01-13 20:46:26,830 - INFO - Страница https://leonardo.ru/ishop/tree_9538924784//?pages=1 успешно загружена.
2025-01-13 20:46:27,322 - WARNING - Ошибка 503. Попытка 1 из 5...
2025-01-13 20:46:32,533 - WARNING - Ошибка 503. Попытка 2 из 5...
2025-01-13 20:46:37,657 - WARNING - Ошибка 503. Попытка 3 из 5...
2025-01-13 20:46:43,133 - INFO - Страница https://leonardo.ru/ishop/tree_9538924784//?pages=1 успешно загружена.
2025-01-13 20:46:43,421 - INFO -   Обрабатываем подкатегорию: https://leonardo.ru/ishop/tree_3812321809/
2025-01-13 20:46:43,824 - INFO - Страница https://leonardo.ru/ishop/tree_3812321809//?pages=1 успешно загружена.
2025-01-13 20:46:44,561 - INFO - Страница https://leonardo.ru/ishop/tree_3812321809//?pages=1 успешно загружена.
2025-01-13 20:46:44,864 - INFO -   Обрабатываем подкатегорию: https://leonardo.ru/ishop/tree_3812271909/
2025-01-13 20:46:45,288 - INFO - Страница https://leonardo.ru/ishop/tree_3812271909//?pages=1 успешно загружена.
2025-01-13 20:46:45,725 - WARNING - Ошибка 503. Попытка 1 из 5...
2025-01-13 20:46:51,229 - INFO - Страница https://leonardo.ru/ishop/tree_3812271909//?pages=1 успешно загружена.
2025-01-13 20:46:51,610 - INFO -   Обрабатываем подкатегорию: https://leonardo.ru/ishop/tree_3812287809/
2025-01-13 20:46:52,062 - INFO - Страница https://leonardo.ru/ishop/tree_3812287809//?pages=1 успешно загружена.
2025-01-13 20:46:52,631 - INFO - Страница https://leonardo.ru/ishop/tree_3812287809//?pages=1 успешно загружена.
2025-01-13 20:46:52,862 - INFO -   Обрабатываем подкатегорию: https://leonardo.ru/ishop/tree_9538925300/
2025-01-13 20:46:53,525 - INFO - Страница https://leonardo.ru/ishop/tree_9538925300//?pages=1 успешно загружена.
2025-01-13 20:46:53,769 - WARNING - Ошибка 503. Попытка 1 из 5...
2025-01-13 20:46:59,158 - INFO - Страница https://leonardo.ru/ishop/tree_9538925300//?pages=1 успешно загружена.
2025-01-13 20:46:59,254 - INFO -   Обрабатываем подкатегорию: https://leonardo.ru/ishop/tree_9538924799/
2025-01-13 20:46:59,593 - INFO - Страница https://leonardo.ru/ishop/tree_9538924799//?pages=1 успешно загружена.
2025-01-13 20:47:00,217 - INFO - Страница https://leonardo.ru/ishop/tree_9538924799//?pages=1 успешно загружена.
2025-01-13 20:47:00,402 - INFO -   Обрабатываем подкатегорию: https://leonardo.ru/ishop/tree_9538925693/
2025-01-13 20:47:00,719 - WARNING - Ошибка 503. Попытка 1 из 5...
2025-01-13 20:47:06,105 - INFO - Страница https://leonardo.ru/ishop/tree_9538925693//?pages=1 успешно загружена.
2025-01-13 20:47:06,513 - INFO - Страница https://leonardo.ru/ishop/tree_9538925693//?pages=1 успешно загружена.
2025-01-13 20:47:06,644 - INFO -   Обрабатываем подкатегорию: https://leonardo.ru/ishop/tree_3812311609/
2025-01-13 20:47:06,774 - WARNING - Ошибка 503. Попытка 1 из 5...
2025-01-13 20:47:16,816 - INFO - Страница https://leonardo.ru/ishop/ успешно загружена.
2025-01-13 20:47:16,893 - INFO - Пропускаем категорию: Новогодний ассортимент
2025-01-13 20:47:16,893 - INFO - Пропускаем категорию: Идеи подарков
2025-01-13 20:47:16,894 - INFO - Пропускаем категорию: Только онлайн
2025-01-13 20:47:16,894 - INFO - Пропускаем категорию: Тематические подборки
2025-01-13 20:47:16,894 - INFO - Пропускаем категорию: Подарочные сертификаты
2025-01-13 20:47:16,894 - INFO - Пропускаем категорию: Распродажа
2025-01-13 20:47:16,897 - INFO - Сохранено 18 категорий.
2025-01-13 20:47:16,905 - INFO - Обрабатываем категорию: Товары для художников (https://leonardo.ru/ishop/tree_3812270609/)
2025-01-13 20:47:17,028 - WARNING - Ошибка 503. Попытка 1 из 5...
2025-01-13 20:47:22,309 - INFO - Страница https://leonardo.ru/ishop/tree_3812270609/ успешно загружена.
2025-01-13 20:47:22,432 - INFO -   Обрабатываем подкатегорию: https://leonardo.ru/ishop/tree_3779052909/
2025-01-13 20:47:22,979 - INFO - Страница https://leonardo.ru/ishop/tree_3779052909//?pages=1 успешно загружена.
2025-01-13 20:47:23,917 - INFO - Страница https://leonardo.ru/ishop/tree_3779052909//?pages=1 успешно загружена.
2025-01-13 20:47:24,265 - INFO -   Обрабатываем подкатегорию: https://leonardo.ru/ishop/tree_3780269209/
2025-01-13 20:47:25,131 - INFO - Страница https://leonardo.ru/ishop/tree_3780269209//?pages=1 успешно загружена.
2025-01-13 20:47:26,081 - INFO - Страница https://leonardo.ru/ishop/tree_3780269209//?pages=1 успешно загружена.
2025-01-13 20:47:26,429 - INFO -   Обрабатываем подкатегорию: https://leonardo.ru/ishop/tree_3727087409/
2025-01-13 20:47:32,927 - INFO - Страница https://leonardo.ru/ishop/ успешно загружена.
2025-01-13 20:47:33,006 - INFO - Пропускаем категорию: Новогодний ассортимент
2025-01-13 20:47:33,006 - INFO - Пропускаем категорию: Идеи подарков
2025-01-13 20:47:33,007 - INFO - Пропускаем категорию: Только онлайн
2025-01-13 20:47:33,007 - INFO - Пропускаем категорию: Тематические подборки
2025-01-13 20:47:33,007 - INFO - Пропускаем категорию: Подарочные сертификаты
2025-01-13 20:47:33,007 - INFO - Пропускаем категорию: Распродажа
2025-01-13 20:47:33,010 - INFO - Сохранено 18 категорий.
2025-01-13 20:47:33,018 - INFO - Обрабатываем категорию: Товары для художников (https://leonardo.ru/ishop/tree_3812270609/)
2025-01-13 20:47:33,289 - INFO - Страница https://leonardo.ru/ishop/tree_3812270609/ успешно загружена.
2025-01-13 20:47:33,413 - INFO -   Обрабатываем подкатегорию: https://leonardo.ru/ishop/tree_3779052909/
2025-01-13 20:47:33,981 - INFO - Страница https://leonardo.ru/ishop/tree_3779052909//?pages=1 успешно загружена.
2025-01-13 20:47:34,843 - INFO - Страница https://leonardo.ru/ishop/tree_3779052909//?pages=1 успешно загружена.
2025-01-13 20:47:35,193 - INFO -   Обрабатываем подкатегорию: https://leonardo.ru/ishop/tree_3780269209/
2025-01-13 20:47:35,712 - INFO - Страница https://leonardo.ru/ishop/tree_3780269209//?pages=1 успешно загружена.
2025-01-13 20:47:36,372 - WARNING - Ошибка 503. Попытка 1 из 5...
2025-01-13 20:47:42,565 - INFO - Страница https://leonardo.ru/ishop/ успешно загружена.
2025-01-13 20:47:42,643 - INFO - Пропускаем категорию: Новогодний ассортимент
2025-01-13 20:47:42,643 - INFO - Пропускаем категорию: Идеи подарков
2025-01-13 20:47:42,644 - INFO - Пропускаем категорию: Только онлайн
2025-01-13 20:47:42,644 - INFO - Пропускаем категорию: Тематические подборки
2025-01-13 20:47:42,644 - INFO - Пропускаем категорию: Подарочные сертификаты
2025-01-13 20:47:42,644 - INFO - Пропускаем категорию: Распродажа
2025-01-13 20:47:42,646 - INFO - Сохранено 18 категорий.
2025-01-13 20:47:42,655 - INFO - Обрабатываем категорию: Товары для художников (https://leonardo.ru/ishop/tree_3812270609/)
2025-01-13 20:47:42,806 - INFO - Страница https://leonardo.ru/ishop/tree_3812270609/ успешно загружена.
2025-01-13 20:47:42,929 - INFO -   Обрабатываем подкатегорию: https://leonardo.ru/ishop/tree_3779052909/
2025-01-13 20:47:43,419 - INFO - Страница https://leonardo.ru/ishop/tree_3779052909//?pages=1 успешно загружена.
2025-01-13 20:49:12,165 - INFO - Страница https://leonardo.ru/ishop/ успешно загружена.
2025-01-13 20:49:12,245 - INFO - Пропускаем категорию: Новогодний ассортимент
2025-01-13 20:49:12,245 - INFO - Пропускаем категорию: Идеи подарков
2025-01-13 20:49:12,245 - INFO - Пропускаем категорию: Только онлайн
2025-01-13 20:49:12,245 - INFO - Пропускаем категорию: Тематические подборки
2025-01-13 20:49:12,245 - INFO - Пропускаем категорию: Подарочные сертификаты
2025-01-13 20:49:12,245 - INFO - Пропускаем категорию: Распродажа
2025-01-13 20:49:12,249 - INFO - Сохранено 18 категорий.
2025-01-13 20:49:12,258 - INFO - Обрабатываем категорию: Товары для художников (https://leonardo.ru/ishop/tree_3812270609/)
2025-01-13 20:49:12,534 - INFO - Страница https://leonardo.ru/ishop/tree_3812270609/ успешно загружена.
2025-01-13 20:49:12,658 - INFO -   Обрабатываем подкатегорию: https://leonardo.ru/ishop/tree_3779052909/
2025-01-13 20:49:13,222 - INFO - Страница https://leonardo.ru/ishop/tree_3779052909//?pages=1 успешно загружена.
2025-01-13 20:49:14,166 - INFO - Страница https://leonardo.ru/ishop/tree_3779052909//?pages=1 успешно загружена.
2025-01-13 20:49:14,514 - INFO -   Обрабатываем подкатегорию: https://leonardo.ru/ishop/tree_3780269209/
2025-01-13 20:49:15,114 - INFO - Страница https://leonardo.ru/ishop/tree_3780269209//?pages=1 успешно загружена.
2025-01-13 20:49:15,816 - WARNING - Ошибка 503. Попытка 1 из 5...
